src/components/apprenant/lesson-play-view.tsx(171,47): error TS7006: Parameter 'url' implicitly has an 'any' type.
src/components/apprenant/lesson-play-view.tsx(178,10): error TS7006: Parameter 'acc' implicitly has an 'any' type.
src/components/apprenant/lesson-play-view.tsx(178,15): error TS7006: Parameter 'url' implicitly has an 'any' type.
src/components/apprenant/mental-health-questionnaire.tsx(107,35): error TS2339: Property 'follow_up_questions' does not exist on type '{ value: string | number; show: boolean; }'.
src/components/apprenant/mental-health-questionnaire.tsx(107,76): error TS2339: Property 'follow_up_questions' does not exist on type '{ value: string | number; show: boolean; }'.
src/components/apprenant/mental-health-questionnaire.tsx(108,33): error TS2339: Property 'follow_up_questions' does not exist on type '{ value: string | number; show: boolean; }'.
src/components/apprenant/mindmap-viewer.tsx(138,11): error TS2769: No overload matches this call.
  Overload 1 of 2, '(props: TreeProps, context?: any): string | number | bigint | boolean | ReactElement<unknown, string | JSXElementConstructor<any>> | ... 4 more ... | undefined', gave the following error.
    Type '{ data: RawNodeDatum; orientation: "horizontal"; translate: { x: number; y: number; }; pathFunc: "step"; separation: { siblings: number; nonSiblings: number; }; nodeSize: { x: number; y: number; }; ... 5 more ...; styles: { ...; }; }' is not assignable to type 'IntrinsicAttributes & TreeProps'.
      Property 'allowForeignObjects' does not exist on type 'IntrinsicAttributes & TreeProps'.
  Overload 2 of 2, '(props: TreeProps): string | number | bigint | boolean | ReactElement<unknown, string | JSXElementConstructor<any>> | Iterable<ReactNode> | Promise<...> | Component<...> | null | undefined', gave the following error.
    Type '{ data: RawNodeDatum; orientation: "horizontal"; translate: { x: number; y: number; }; pathFunc: "step"; separation: { siblings: number; nonSiblings: number; }; nodeSize: { x: number; y: number; }; ... 5 more ...; styles: { ...; }; }' is not assignable to type 'IntrinsicAttributes & TreeProps'.
      Property 'allowForeignObjects' does not exist on type 'IntrinsicAttributes & TreeProps'.
src/components/beyond-care/beyond-care-sidebar-wrapper.tsx(81,5): error TS2367: This comparison appears to be unintentional because the types '"apprenant"' and '"formateur"' have no overlap.
src/components/beyond-care/mental-health-questionnaire-player.tsx(414,31): error TS7006: Parameter 'line' implicitly has an 'any' type.
src/components/beyond-care/mental-health-questionnaire-player.tsx(448,34): error TS7006: Parameter 'line' implicitly has an 'any' type.
src/components/beyond-care/mental-health-questionnaire-player.tsx(458,35): error TS7006: Parameter 'line' implicitly has an 'any' type.
src/components/beyond-care/mental-health-questionnaire-player.tsx(479,26): error TS7006: Parameter 'line' implicitly has an 'any' type.
src/components/beyond-care/mental-health-questionnaire-player.tsx(509,36): error TS7006: Parameter 'line' implicitly has an 'any' type.
src/components/beyond-care/mental-health-questionnaire-player.tsx(521,32): error TS7006: Parameter 'line' implicitly has an 'any' type.
src/components/beyond-care/mental-health-questionnaire-player.tsx(550,36): error TS7006: Parameter 'line' implicitly has an 'any' type.
src/components/beyond-care/mental-health-questionnaire-player.tsx(560,32): error TS7006: Parameter 'line' implicitly has an 'any' type.
src/components/beyond-note/beyond-note-document-page.tsx(354,43): error TS2339: Property 'createElement' does not exist on type 'Document'.
src/components/beyond-note/beyond-note-page.tsx(147,37): error TS2774: This condition will always return true since this function is always defined. Did you mean to call it instead?
src/components/catalogue/catalog-hero.tsx(71,36): error TS18047: 'currentItem.hero_image_url' is possibly 'null'.
src/components/catalogue/catalog-hero.tsx(72,36): error TS18047: 'currentItem.hero_image_url' is possibly 'null'.
src/components/catalogue/catalog-hero.tsx(73,36): error TS18047: 'currentItem.hero_image_url' is possibly 'null'.
src/components/catalogue/catalog-hero.tsx(74,36): error TS18047: 'currentItem.hero_image_url' is possibly 'null'.
src/components/catalogue/catalog-hero.tsx(76,26): error TS18047: 'currentItem.hero_image_url' is possibly 'null'.
src/components/catalogue/catalog-hero.tsx(79,28): error TS2322: Type 'string | null' is not assignable to type 'string | Blob | undefined'.
  Type 'null' is not assignable to type 'string | Blob | undefined'.
src/components/catalogue/catalog-hero.tsx(88,26): error TS2322: Type 'string | null' is not assignable to type 'string | StaticImport'.
  Type 'null' is not assignable to type 'string | StaticImport'.
src/components/catalogue/catalog-hero.tsx(93,39): error TS18047: 'currentItem.hero_image_url' is possibly 'null'.
src/components/catalogue/catalog-hero.tsx(94,40): error TS18047: 'currentItem.hero_image_url' is possibly 'null'.
src/components/catalogue/catalog-hero.tsx(95,40): error TS18047: 'currentItem.hero_image_url' is possibly 'null'.
src/components/catalogue/catalog-view-apple-tv.tsx(282,67): error TS2339: Property 'item_type' does not exist on type 'CatalogItem'.
src/components/catalogue/catalog-view.tsx(97,67): error TS2339: Property 'item_type' does not exist on type 'CatalogItem'.
src/components/formateur/ai/chapter-generation-modal.tsx(77,33): error TS2554: Expected 1 arguments, but got 2.
src/components/formateur/course-builder/course-structure-builder.tsx(122,5): error TS2304: Cannot find name 'handleDragActive'.
src/components/formateur/course-creation-options.tsx(83,33): error TS2769: No overload matches this call.
  Overload 1 of 3, '(name: string, value: string | Blob): void', gave the following error.
    Argument of type 'File | null' is not assignable to parameter of type 'string | Blob'.
      Type 'null' is not assignable to type 'string | Blob'.
  Overload 2 of 3, '(name: string, value: string): void', gave the following error.
    Argument of type 'File | null' is not assignable to parameter of type 'string'.
      Type 'null' is not assignable to type 'string'.
  Overload 3 of 3, '(name: string, blobValue: Blob, filename?: string | undefined): void', gave the following error.
    Argument of type 'File | null' is not assignable to parameter of type 'Blob'.
      Type 'null' is not assignable to type 'Blob'.
src/components/formateur/group-assignment-modal.tsx(423,20): error TS2304: Cannot find name 'UserPlus'.
src/components/formateur/path-builder/path-builder-workspace.tsx(193,9): error TS2322: Type '{ id: string; title: string; subtitle: string; meta: string; image: string | null; badge: string; accent: "course"; }[]' is not assignable to type 'ToggleableItem[]'.
  Type '{ id: string; title: string; subtitle: string; meta: string; image: string | null; badge: string; accent: "course"; }' is not assignable to type 'ToggleableItem'.
    Types of property 'image' are incompatible.
      Type 'string | null' is not assignable to type 'string | undefined'.
        Type 'null' is not assignable to type 'string | undefined'.
src/components/formateur/path-builder/path-builder-workspace.tsx(210,9): error TS2322: Type '{ id: string; title: string; subtitle: string | null; meta: string; badge: string; image: string; accent: "test"; }[]' is not assignable to type 'ToggleableItem[]'.
  Type '{ id: string; title: string; subtitle: string | null; meta: string; badge: string; image: string; accent: "test"; }' is not assignable to type 'ToggleableItem'.
    Types of property 'subtitle' are incompatible.
      Type 'string | null' is not assignable to type 'string | undefined'.
        Type 'null' is not assignable to type 'string | undefined'.
src/components/formateur/tests/mirror-question-suggest.tsx(64,9): error TS2322: Type 'TestQuestionType' is not assignable to type '"single" | "multiple" | "likert" | "scale"'.
  Type '"open"' is not assignable to type '"single" | "multiple" | "likert" | "scale"'.
src/components/formateur/tests/mirror-question-suggest.tsx(72,26): error TS2345: Argument of type 'MirrorQuestionResponse' is not assignable to parameter of type 'SetStateAction<{ title: string; is_positive: boolean; options?: { value: string; points?: number | undefined; }[] | undefined; confidence: number; explanation?: string | undefined; } | null>'.
  Property 'title' is missing in type 'MirrorQuestionResponse' but required in type '{ title: string; is_positive: boolean; options?: { value: string; points?: number | undefined; }[] | undefined; confidence: number; explanation?: string | undefined; }'.
src/components/formateur/tests/test-course-assignment-modal.tsx(188,37): error TS2532: Object is possibly 'undefined'.
src/components/formateur/tests/test-course-assignment-section.tsx(188,39): error TS2532: Object is possibly 'undefined'.
src/components/super-admin/catalog-quick-actions.tsx(121,14): error TS2322: Type '{ children: Element[]; href: string; className: string; onClick?: undefined; key: string; } | { children: Element[]; onClick: (() => void) | undefined; className: string; href?: undefined; key: string; }' is not assignable to type 'IntrinsicAttributes & Omit<AnchorHTMLAttributes<HTMLAnchorElement>, keyof LinkProps<any>> & ... 4 more ... & HTMLAttributes<...>'.
  Type '{ children: Element[]; onClick: (() => void) | undefined; className: string; href?: undefined; key: string; }' is not assignable to type 'LinkProps<any>'.
    Types of property 'href' are incompatible.
      Type 'undefined' is not assignable to type 'Url'.
src/components/super-admin/create-organization-form-with-admin.tsx(369,11): error TS2322: Type 'boolean | ""' is not assignable to type 'boolean | undefined'.
  Type '""' is not assignable to type 'boolean | undefined'.
src/components/super-admin/media-training-simulator.tsx(295,43): error TS2304: Cannot find name 'playerVideo'.
src/components/super-admin/media-training-simulator.tsx(296,45): error TS2304: Cannot find name 'playerVideo'.
src/components/super-admin/media-training-simulator.tsx(300,13): error TS2322: Type 'string | null | undefined' is not assignable to type 'string | undefined'.
  Type 'null' is not assignable to type 'string | undefined'.
src/components/super-admin/media-training-simulator.tsx(301,13): error TS2322: Type 'string | null | undefined' is not assignable to type 'string | undefined'.
  Type 'null' is not assignable to type 'string | undefined'.
src/components/super-admin/media-training-simulator.tsx(302,13): error TS2322: Type 'string | null | undefined' is not assignable to type 'string | undefined'.
  Type 'null' is not assignable to type 'string | undefined'.
src/components/super-admin/mental-health-admin-stats.tsx(202,64): error TS18046: 'percentage' is of type 'unknown'.
src/components/super-admin/mental-health-questionnaire-builder.tsx(312,14): error TS2345: Argument of type '(prev: MentalQuestionnaireDraft) => { title: string; description: string | undefined; is_active: boolean; frequency: "weekly" | "biweekly" | "monthly"; ... 5 more ...; questions: { ...; }[]; }' is not assignable to parameter of type 'SetStateAction<MentalQuestionnaireDraft>'.
  Type '(prev: MentalQuestionnaireDraft) => { title: string; description: string | undefined; is_active: boolean; frequency: "weekly" | "biweekly" | "monthly"; ... 5 more ...; questions: { ...; }[]; }' is not assignable to type '(prevState: MentalQuestionnaireDraft) => MentalQuestionnaireDraft'.
    Call signature return types '{ title: string; description: string | undefined; is_active: boolean; frequency: "weekly" | "biweekly" | "monthly"; send_day: number; send_time: string; target_roles: string[]; metadata: Record<...> | ... 1 more ... | undefined; scoring_config: { ...; } | ... 1 more ... | undefined; questions: { ...; }[]; }' and 'MentalQuestionnaireDraft' are incompatible.
      The types of 'questions' are incompatible between these types.
        Type '{ id: string; order_index: number; question_text: string; question_type: "number" | "text" | "likert" | "multiple_choice" | "single_choice"; is_required?: boolean | undefined; options?: { ...; }[] | undefined; likert_scale?: { ...; } | undefined; conditional_logic?: { ...; } | undefined; scoring?: { ...; } | undefin...' is not assignable to type 'MentalQuestion[]'.
          Type '{ id: string; order_index: number; question_text: string; question_type: "multiple_choice" | "single_choice" | "likert" | "text" | "number"; is_required?: boolean; options?: Array<{ id?: string; label: string; value: string | number; points?: number; }>; likert_scale?: { min: number; max: number; labels?: Record<str...' is not assignable to type 'MentalQuestion'.
            Types of property 'is_required' are incompatible.
              Type 'boolean | undefined' is not assignable to type 'boolean'.
                Type 'undefined' is not assignable to type 'boolean'.
src/components/super-admin/quick-actions-panel.tsx(189,39): error TS2345: Argument of type 'string | undefined' is not assignable to parameter of type 'string'.
  Type 'undefined' is not assignable to type 'string'.
src/lib/ai/openai-client.ts(116,7): error TS2353: Object literal may only specify known properties, and 'format' does not exist in type 'SpeechCreateParams'.
src/lib/queries/catalogue.ts(54,24): error TS2367: This comparison appears to be unintentional because the types '"admin" | "instructor" | "tutor"' and '"learner"' have no overlap.
src/lib/queries/catalogue.ts(232,29): error TS2339: Property 'slug' does not exist on type '{ cover_image: any; builder_snapshot: any; price: any; }'.
src/lib/queries/catalogue.ts(233,54): error TS2339: Property 'slug' does not exist on type '{ cover_image: any; builder_snapshot: any; price: any; }'.
src/lib/queries/catalogue.ts(267,15): error TS2739: Type '{ cover_image: any; price: any; }' is missing the following properties from type '{ cover_image: any; hero_image_url: any; thumbnail_url: any; price: any; }': hero_image_url, thumbnail_url
src/lib/queries/catalogue.ts(312,15): error TS2741: Property 'hero_image_url' is missing in type '{ price: any; cover_url: any; thumbnail_url: any; file_url: any; }' but required in type '{ price: any; cover_url: any; thumbnail_url: any; hero_image_url: any; file_url: any; }'.
src/lib/queries/formateur.ts(538,48): error TS2769: No overload matches this call.
  The last overload gave the following error.
    Object literal may only specify known properties, and 'nullsLast' does not exist in type '{ ascending?: boolean | undefined; nullsFirst?: boolean | undefined; foreignTable?: string | undefined; }'.
src/lib/queries/formateur.ts(701,29): error TS7006: Parameter 'l' implicitly has an 'any' type.
src/lib/queries/formateur.ts(706,5): error TS2322: Type 'unknown[]' is not assignable to type 'FormateurLearner[]'.
  Type 'unknown' is not assignable to type 'FormateurLearner'.
src/lib/queries/formateur.ts(790,30): error TS2339: Property 'full_name' does not exist on type '{ id: any; full_name: any; email: any; }[]'.
src/lib/queries/formateur.ts(791,26): error TS2339: Property 'email' does not exist on type '{ id: any; full_name: any; email: any; }[]'.
src/lib/queries/formateur.ts(1300,51): error TS2339: Property 'message' does not exist on type 'never'.
src/lib/queries/formateur.ts(1309,54): error TS2339: Property 'id' does not exist on type 'never'.
src/lib/queries/formateur.ts(1897,9): error TS2740: Type '{ id: any; title: any; author_id: any; folder_id: any; status: any; shared_with: any; file_url: any; }' is missing the following properties from type '{ id: any; title: any; content: any; summary: any; author_id: any; folder_id: any; status: any; shared_with: any; ai_usage_score: any; word_count: any; file_url: any; deposited_at: any; submitted_at: any; is_read: any; updated_at: any; }': content, summary, ai_usage_score, word_count, and 4 more.
src/lib/queries/formateur.ts(1899,14): error TS18047: 'documentData' is possibly 'null'.
src/lib/queries/formateur.ts(1900,11): error TS18047: 'documentData' is possibly 'null'.
src/lib/queries/formateur.ts(1904,9): error TS2740: Type '{ id: any; title: any; author_id: any; folder_id: any; status: any; shared_with: any; file_url: any; updated_at: any; }' is missing the following properties from type '{ id: any; title: any; content: any; summary: any; author_id: any; folder_id: any; status: any; shared_with: any; ai_usage_score: any; word_count: any; file_url: any; deposited_at: any; submitted_at: any; is_read: any; updated_at: any; }': content, summary, ai_usage_score, word_count, and 3 more.
src/lib/queries/formateur.ts(1960,33): error TS2339: Property 'due_at' does not exist on type '{ id: any; title: any; content: any; summary: any; author_id: any; folder_id: any; status: any; shared_with: any; ai_usage_score: any; word_count: any; file_url: any; deposited_at: any; submitted_at: any; is_read: any; updated_at: any; }'.
src/lib/queries/formateur.ts(1961,31): error TS2339: Property 'due_at' does not exist on type '{ id: any; title: any; content: any; summary: any; author_id: any; folder_id: any; status: any; shared_with: any; ai_usage_score: any; word_count: any; file_url: any; deposited_at: any; submitted_at: any; is_read: any; updated_at: any; }'.
src/lib/queries/formateur.ts(1962,100): error TS2339: Property 'due_at' does not exist on type '{ id: any; title: any; content: any; summary: any; author_id: any; folder_id: any; status: any; shared_with: any; ai_usage_score: any; word_count: any; file_url: any; deposited_at: any; submitted_at: any; is_read: any; updated_at: any; }'.
src/lib/queries/formateur.ts(1981,73): error TS2339: Property 'created_at' does not exist on type '{ id: any; title: any; content: any; summary: any; author_id: any; folder_id: any; status: any; shared_with: any; ai_usage_score: any; word_count: any; file_url: any; deposited_at: any; submitted_at: any; is_read: any; updated_at: any; }'.
src/lib/queries/formateur.ts(1982,27): error TS2339: Property 'due_at' does not exist on type '{ id: any; title: any; content: any; summary: any; author_id: any; folder_id: any; status: any; shared_with: any; ai_usage_score: any; word_count: any; file_url: any; deposited_at: any; submitted_at: any; is_read: any; updated_at: any; }'.
src/lib/queries/formateur.ts(1982,60): error TS2339: Property 'due_at' does not exist on type '{ id: any; title: any; content: any; summary: any; author_id: any; folder_id: any; status: any; shared_with: any; ai_usage_score: any; word_count: any; file_url: any; deposited_at: any; submitted_at: any; is_read: any; updated_at: any; }'.
src/lib/queries/messaging.ts(412,7): error TS2353: Object literal may only specify known properties, and 'subject' does not exist in type '{ id: string; author: "learner" | "mentor"; content: string; sentAt: Date; type?: "message" | "consigne" | undefined; }'.
src/lib/queries/super-admin.ts(1266,47): error TS18047: 'supabase' is possibly 'null'.
src/lib/queries/super-admin.ts(1292,43): error TS18047: 'supabase' is possibly 'null'.
src/lib/queries/super-admin.ts(1315,41): error TS18047: 'supabase' is possibly 'null'.
src/lib/queries/super-admin.ts(1338,45): error TS18047: 'supabase' is possibly 'null'.
src/lib/queries/super-admin.ts(1358,41): error TS18047: 'supabase' is possibly 'null'.
src/lib/queries/super-admin.ts(1696,7): error TS2322: Type 'PostgrestSingleResponse<{ id: any; title: any; status: any; cover_image: any; builder_snapshot: any; created_at: any; }[]>' is not assignable to type 'PostgrestSingleResponse<{ id: any; title: any; status: any; cover_image: any; updated_at: any; created_at: any; }[]>'.
  Type 'PostgrestResponseSuccess<{ id: any; title: any; status: any; cover_image: any; builder_snapshot: any; created_at: any; }[]>' is not assignable to type 'PostgrestSingleResponse<{ id: any; title: any; status: any; cover_image: any; updated_at: any; created_at: any; }[]>'.
    Type 'PostgrestResponseSuccess<{ id: any; title: any; status: any; cover_image: any; builder_snapshot: any; created_at: any; }[]>' is not assignable to type 'PostgrestResponseSuccess<{ id: any; title: any; status: any; cover_image: any; updated_at: any; created_at: any; }[]>'.
      Type '{ id: any; title: any; status: any; cover_image: any; builder_snapshot: any; created_at: any; }[]' is not assignable to type '{ id: any; title: any; status: any; cover_image: any; updated_at: any; created_at: any; }[]'.
        Property 'updated_at' is missing in type '{ id: any; title: any; status: any; cover_image: any; builder_snapshot: any; created_at: any; }' but required in type '{ id: any; title: any; status: any; cover_image: any; updated_at: any; created_at: any; }'.
src/lib/queries/super-admin.ts(1703,7): error TS2322: Type 'PostgrestSingleResponse<{ id: any; title: any; status: any; cover_image: any; created_at: any; }[]>' is not assignable to type 'PostgrestSingleResponse<{ id: any; title: any; status: any; cover_image: any; updated_at: any; created_at: any; }[]>'.
  Type 'PostgrestResponseSuccess<{ id: any; title: any; status: any; cover_image: any; created_at: any; }[]>' is not assignable to type 'PostgrestSingleResponse<{ id: any; title: any; status: any; cover_image: any; updated_at: any; created_at: any; }[]>'.
    Type 'PostgrestResponseSuccess<{ id: any; title: any; status: any; cover_image: any; created_at: any; }[]>' is not assignable to type 'PostgrestResponseSuccess<{ id: any; title: any; status: any; cover_image: any; updated_at: any; created_at: any; }[]>'.
      Type '{ id: any; title: any; status: any; cover_image: any; created_at: any; }[]' is not assignable to type '{ id: any; title: any; status: any; cover_image: any; updated_at: any; created_at: any; }[]'.
        Property 'updated_at' is missing in type '{ id: any; title: any; status: any; cover_image: any; created_at: any; }' but required in type '{ id: any; title: any; status: any; cover_image: any; updated_at: any; created_at: any; }'.
src/lib/queries/super-admin.ts(1713,7): error TS2322: Type 'PostgrestSingleResponse<{ id: any; title: any; description: any; status: any; created_at: any; }[]>' is not assignable to type 'PostgrestSingleResponse<{ id: any; title: any; description: any; status: any; updated_at: any; created_at: any; }[]>'.
  Type 'PostgrestResponseSuccess<{ id: any; title: any; description: any; status: any; created_at: any; }[]>' is not assignable to type 'PostgrestSingleResponse<{ id: any; title: any; description: any; status: any; updated_at: any; created_at: any; }[]>'.
    Type 'PostgrestResponseSuccess<{ id: any; title: any; description: any; status: any; created_at: any; }[]>' is not assignable to type 'PostgrestResponseSuccess<{ id: any; title: any; description: any; status: any; updated_at: any; created_at: any; }[]>'.
      Type '{ id: any; title: any; description: any; status: any; created_at: any; }[]' is not assignable to type '{ id: any; title: any; description: any; status: any; updated_at: any; created_at: any; }[]'.
        Property 'updated_at' is missing in type '{ id: any; title: any; description: any; status: any; created_at: any; }' but required in type '{ id: any; title: any; description: any; status: any; updated_at: any; created_at: any; }'.
src/lib/queries/super-admin.ts(1720,7): error TS2322: Type 'PostgrestSingleResponse<{ id: any; title: any; description: any; status: any; created_at: any; }[]>' is not assignable to type 'PostgrestSingleResponse<{ id: any; title: any; description: any; status: any; updated_at: any; created_at: any; }[]>'.
  Type 'PostgrestResponseSuccess<{ id: any; title: any; description: any; status: any; created_at: any; }[]>' is not assignable to type 'PostgrestSingleResponse<{ id: any; title: any; description: any; status: any; updated_at: any; created_at: any; }[]>'.
    Type 'PostgrestResponseSuccess<{ id: any; title: any; description: any; status: any; created_at: any; }[]>' is not assignable to type 'PostgrestResponseSuccess<{ id: any; title: any; description: any; status: any; updated_at: any; created_at: any; }[]>'.
      Type '{ id: any; title: any; description: any; status: any; created_at: any; }[]' is not assignable to type '{ id: any; title: any; description: any; status: any; updated_at: any; created_at: any; }[]'.
        Property 'updated_at' is missing in type '{ id: any; title: any; description: any; status: any; created_at: any; }' but required in type '{ id: any; title: any; description: any; status: any; updated_at: any; created_at: any; }'.
src/lib/queries/super-admin.ts(1735,7): error TS2322: Type 'PostgrestSingleResponse<{ id: any; title: any; cover_url: any; thumbnail_url: any; published: any; type: any; kind: any; status: any; created_at: any; }[]>' is not assignable to type 'PostgrestSingleResponse<{ id: any; title: any; cover_url: any; thumbnail_url: any; published: any; resource_type: any; kind: any; status: any; updated_at: any; created_at: any; }[]>'.
  Type 'PostgrestResponseSuccess<{ id: any; title: any; cover_url: any; thumbnail_url: any; published: any; type: any; kind: any; status: any; created_at: any; }[]>' is not assignable to type 'PostgrestSingleResponse<{ id: any; title: any; cover_url: any; thumbnail_url: any; published: any; resource_type: any; kind: any; status: any; updated_at: any; created_at: any; }[]>'.
    Type 'PostgrestResponseSuccess<{ id: any; title: any; cover_url: any; thumbnail_url: any; published: any; type: any; kind: any; status: any; created_at: any; }[]>' is not assignable to type 'PostgrestResponseSuccess<{ id: any; title: any; cover_url: any; thumbnail_url: any; published: any; resource_type: any; kind: any; status: any; updated_at: any; created_at: any; }[]>'.
      Type '{ id: any; title: any; cover_url: any; thumbnail_url: any; published: any; type: any; kind: any; status: any; created_at: any; }[]' is not assignable to type '{ id: any; title: any; cover_url: any; thumbnail_url: any; published: any; resource_type: any; kind: any; status: any; updated_at: any; created_at: any; }[]'.
        Type '{ id: any; title: any; cover_url: any; thumbnail_url: any; published: any; type: any; kind: any; status: any; created_at: any; }' is missing the following properties from type '{ id: any; title: any; cover_url: any; thumbnail_url: any; published: any; resource_type: any; kind: any; status: any; updated_at: any; created_at: any; }': resource_type, updated_at
